2025-12-27 02:15:24,008 - PySystemMonitor - INFO - Initializing PySystemMonitor...
2025-12-27 02:15:24,156 - PySystemMonitor - INFO - System Monitor initialized successfully
2025-12-27 02:18:54,773 - PySystemMonitor - INFO - Initializing PySystemMonitor...
2025-12-27 02:18:54,869 - PySystemMonitor - INFO - System Monitor initialized successfully
[2025-12-29 12:28:48] [INFO] [Scheduler] Registered job: SnapshotEvents (Interval: 60s)
[2025-12-29 12:28:57] [ERROR] [Get-SecurityAlerts] Operation failed: The parameter is incorrect
[2025-12-29 12:28:57] [WARNING] [ServiceMonitor] Critical service wuauserv is Stopped
[2025-12-29 12:29:02] [ERROR] [Get-SecurityAlerts] Operation failed: The parameter is incorrect
[2025-12-29 12:29:02] [WARNING] [ServiceMonitor] Critical service wuauserv is Stopped
[2025-12-29 12:29:06] [ERROR] [Get-SecurityAlerts] Operation failed: The parameter is incorrect
[2025-12-29 12:29:06] [WARNING] [ServiceMonitor] Critical service wuauserv is Stopped
[2025-12-29 12:29:11] [ERROR] [Get-SecurityAlerts] Operation failed: The parameter is incorrect
[2025-12-29 12:29:11] [WARNING] [ServiceMonitor] Critical service wuauserv is Stopped
[2025-12-29 12:29:16] [ERROR] [Get-SecurityAlerts] Operation failed: The parameter is incorrect
[2025-12-29 12:29:16] [WARNING] [ServiceMonitor] Critical service wuauserv is Stopped
[2025-12-29 12:29:21] [ERROR] [Get-SecurityAlerts] Operation failed: The parameter is incorrect
[2025-12-29 12:29:21] [WARNING] [ServiceMonitor] Critical service wuauserv is Stopped
[2025-12-29 12:29:25] [ERROR] [Get-SecurityAlerts] Operation failed: The parameter is incorrect
[2025-12-29 12:29:25] [WARNING] [ServiceMonitor] Critical service wuauserv is Stopped
[2025-12-29 12:29:30] [ERROR] [Get-SecurityAlerts] Operation failed: The parameter is incorrect
[2025-12-29 12:29:30] [WARNING] [ServiceMonitor] Critical service wuauserv is Stopped
[2025-12-29 12:29:35] [ERROR] [Get-SecurityAlerts] Operation failed: The parameter is incorrect
[2025-12-29 12:29:35] [WARNING] [ServiceMonitor] Critical service wuauserv is Stopped
[2025-12-29 12:29:40] [ERROR] [Get-SecurityAlerts] Operation failed: The parameter is incorrect
[2025-12-29 12:29:40] [WARNING] [ServiceMonitor] Critical service wuauserv is Stopped
[2025-12-29 12:29:44] [ERROR] [Get-SecurityAlerts] Operation failed: The parameter is incorrect
[2025-12-29 12:29:44] [WARNING] [ServiceMonitor] Critical service wuauserv is Stopped
[2025-12-29 12:29:49] [ERROR] [Get-SecurityAlerts] Operation failed: The parameter is incorrect
[2025-12-29 12:29:49] [WARNING] [ServiceMonitor] Critical service wuauserv is Stopped
[2025-12-29 12:29:50] [DEBUG] [Scheduler] Running job: SnapshotEvents
[2025-12-29 12:29:51] [WARNING] [EventLog] Found 1 critical events in last 1 hours
[2025-12-29 12:29:54] [ERROR] [Get-SecurityAlerts] Operation failed: The parameter is incorrect
[2025-12-29 12:29:54] [WARNING] [ServiceMonitor] Critical service wuauserv is Stopped
[2025-12-29 12:29:59] [ERROR] [Get-SecurityAlerts] Operation failed: The parameter is incorrect
[2025-12-29 12:29:59] [WARNING] [ServiceMonitor] Critical service wuauserv is Stopped
[2025-12-29 12:30:04] [ERROR] [Get-SecurityAlerts] Operation failed: The parameter is incorrect
[2025-12-29 12:30:04] [WARNING] [ServiceMonitor] Critical service wuauserv is Stopped
[2025-12-29 12:30:09] [ERROR] [Get-SecurityAlerts] Operation failed: The parameter is incorrect
[2025-12-29 12:30:09] [WARNING] [ServiceMonitor] Critical service wuauserv is Stopped
[2025-12-29 12:30:13] [ERROR] [Get-SecurityAlerts] Operation failed: The parameter is incorrect
[2025-12-29 12:30:13] [WARNING] [ServiceMonitor] Critical service wuauserv is Stopped
[2025-12-29 12:30:18] [ERROR] [Get-SecurityAlerts] Operation failed: The parameter is incorrect
[2025-12-29 12:30:18] [WARNING] [ServiceMonitor] Critical service wuauserv is Stopped
[2025-12-29 12:30:23] [ERROR] [Get-SecurityAlerts] Operation failed: The parameter is incorrect
[2025-12-29 12:30:23] [WARNING] [ServiceMonitor] Critical service wuauserv is Stopped
[2025-12-29 12:30:28] [ERROR] [Get-SecurityAlerts] Operation failed: The parameter is incorrect
[2025-12-29 12:30:28] [WARNING] [ServiceMonitor] Critical service wuauserv is Stopped
[2025-12-29 12:30:32] [ERROR] [Get-SecurityAlerts] Operation failed: The parameter is incorrect
[2025-12-29 12:30:32] [WARNING] [ServiceMonitor] Critical service wuauserv is Stopped
[2025-12-29 12:30:37] [ERROR] [Get-SecurityAlerts] Operation failed: The parameter is incorrect
[2025-12-29 12:30:37] [WARNING] [ServiceMonitor] Critical service wuauserv is Stopped
[2025-12-29 12:30:42] [ERROR] [Get-SecurityAlerts] Operation failed: The parameter is incorrect
[2025-12-29 12:30:42] [WARNING] [ServiceMonitor] Critical service wuauserv is Stopped
[2025-12-29 12:30:47] [ERROR] [Get-SecurityAlerts] Operation failed: The parameter is incorrect
[2025-12-29 12:30:47] [WARNING] [ServiceMonitor] Critical service wuauserv is Stopped
[2025-12-29 12:30:51] [ERROR] [Get-SecurityAlerts] Operation failed: The parameter is incorrect
[2025-12-29 12:30:51] [WARNING] [ServiceMonitor] Critical service wuauserv is Stopped
[2025-12-29 12:30:52] [DEBUG] [Scheduler] Running job: SnapshotEvents
[2025-12-29 12:30:56] [ERROR] [Get-SecurityAlerts] Operation failed: The parameter is incorrect
[2025-12-29 12:30:56] [WARNING] [ServiceMonitor] Critical service wuauserv is Stopped
[2025-12-29 12:31:01] [ERROR] [Get-SecurityAlerts] Operation failed: The parameter is incorrect
[2025-12-29 12:31:01] [WARNING] [ServiceMonitor] Critical service wuauserv is Stopped
[2025-12-29 12:31:05] [ERROR] [Get-SecurityAlerts] Operation failed: The parameter is incorrect
[2025-12-29 12:31:05] [WARNING] [ServiceMonitor] Critical service wuauserv is Stopped
[2025-12-29 12:31:15] [INFO] [Scheduler] Registered job: SnapshotEvents (Interval: 60s)
[2025-12-29 12:31:19] [ERROR] [Get-SecurityAlerts] Operation failed: The parameter is incorrect
[2025-12-29 12:31:19] [WARNING] [ServiceMonitor] Critical service wuauserv is Stopped
[2025-12-29 12:31:23] [ERROR] [Get-SecurityAlerts] Operation failed: The parameter is incorrect
[2025-12-29 12:31:23] [WARNING] [ServiceMonitor] Critical service wuauserv is Stopped
[2025-12-29 12:31:28] [ERROR] [Get-SecurityAlerts] Operation failed: The parameter is incorrect
[2025-12-29 12:31:28] [WARNING] [ServiceMonitor] Critical service wuauserv is Stopped
[2025-12-29 12:31:33] [ERROR] [Get-SecurityAlerts] Operation failed: The parameter is incorrect
[2025-12-29 12:31:33] [WARNING] [ServiceMonitor] Critical service wuauserv is Stopped
[2025-12-29 12:31:38] [ERROR] [Get-SecurityAlerts] Operation failed: The parameter is incorrect
[2025-12-29 12:31:38] [WARNING] [ServiceMonitor] Critical service wuauserv is Stopped
[2025-12-29 12:31:42] [ERROR] [Get-SecurityAlerts] Operation failed: The parameter is incorrect
[2025-12-29 12:31:42] [WARNING] [ServiceMonitor] Critical service wuauserv is Stopped
[2025-12-29 12:31:47] [ERROR] [Get-SecurityAlerts] Operation failed: The parameter is incorrect
[2025-12-29 12:31:47] [WARNING] [ServiceMonitor] Critical service wuauserv is Stopped
[2025-12-29 12:31:52] [ERROR] [Get-SecurityAlerts] Operation failed: The parameter is incorrect
[2025-12-29 12:31:52] [WARNING] [ServiceMonitor] Critical service wuauserv is Stopped
[2025-12-29 12:31:53] [DEBUG] [Scheduler] Running job: SnapshotEvents
[2025-12-29 12:31:56] [ERROR] [Get-SecurityAlerts] Operation failed: The parameter is incorrect
[2025-12-29 12:31:56] [WARNING] [ServiceMonitor] Critical service wuauserv is Stopped
[2025-12-29 12:32:01] [ERROR] [Get-SecurityAlerts] Operation failed: The parameter is incorrect
[2025-12-29 12:32:01] [WARNING] [ServiceMonitor] Critical service wuauserv is Stopped
[2025-12-29 12:32:06] [ERROR] [Get-SecurityAlerts] Operation failed: The parameter is incorrect
[2025-12-29 12:32:06] [WARNING] [ServiceMonitor] Critical service wuauserv is Stopped
[2025-12-29 12:32:10] [ERROR] [Get-SecurityAlerts] Operation failed: The parameter is incorrect
[2025-12-29 12:32:10] [WARNING] [ServiceMonitor] Critical service wuauserv is Stopped
[2025-12-29 12:32:15] [ERROR] [Get-SecurityAlerts] Operation failed: The parameter is incorrect
[2025-12-29 12:32:15] [WARNING] [ServiceMonitor] Critical service wuauserv is Stopped
[2025-12-29 12:32:16] [DEBUG] [Scheduler] Running job: SnapshotEvents
[2025-12-29 12:32:20] [ERROR] [Get-SecurityAlerts] Operation failed: The parameter is incorrect
[2025-12-29 12:32:20] [WARNING] [ServiceMonitor] Critical service wuauserv is Stopped
[2025-12-29 12:32:25] [ERROR] [Get-SecurityAlerts] Operation failed: The parameter is incorrect
[2025-12-29 12:32:25] [WARNING] [ServiceMonitor] Critical service wuauserv is Stopped
[2025-12-29 12:32:29] [ERROR] [Get-SecurityAlerts] Operation failed: The parameter is incorrect
[2025-12-29 12:32:29] [WARNING] [ServiceMonitor] Critical service wuauserv is Stopped
[2025-12-29 12:32:34] [ERROR] [Get-SecurityAlerts] Operation failed: The parameter is incorrect
[2025-12-29 12:32:34] [WARNING] [ServiceMonitor] Critical service wuauserv is Stopped
[2025-12-29 12:32:39] [ERROR] [Get-SecurityAlerts] Operation failed: The parameter is incorrect
[2025-12-29 12:32:39] [WARNING] [ServiceMonitor] Critical service wuauserv is Stopped
[2025-12-29 12:32:43] [ERROR] [Get-SecurityAlerts] Operation failed: The parameter is incorrect
[2025-12-29 12:32:43] [WARNING] [ServiceMonitor] Critical service wuauserv is Stopped
[2025-12-29 12:32:48] [ERROR] [Get-SecurityAlerts] Operation failed: The parameter is incorrect
[2025-12-29 12:32:48] [WARNING] [ServiceMonitor] Critical service wuauserv is Stopped
[2025-12-29 12:32:53] [ERROR] [Get-SecurityAlerts] Operation failed: The parameter is incorrect
[2025-12-29 12:32:53] [WARNING] [ServiceMonitor] Critical service wuauserv is Stopped
[2025-12-29 12:32:54] [DEBUG] [Scheduler] Running job: SnapshotEvents
[2025-12-29 12:32:58] [ERROR] [Get-SecurityAlerts] Operation failed: The parameter is incorrect
[2025-12-29 12:32:58] [WARNING] [ServiceMonitor] Critical service wuauserv is Stopped
[2025-12-29 12:33:02] [ERROR] [Get-SecurityAlerts] Operation failed: The parameter is incorrect
[2025-12-29 12:33:02] [WARNING] [ServiceMonitor] Critical service wuauserv is Stopped
[2025-12-29 12:33:07] [ERROR] [Get-SecurityAlerts] Operation failed: The parameter is incorrect
[2025-12-29 12:33:07] [WARNING] [ServiceMonitor] Critical service wuauserv is Stopped
[2025-12-29 12:33:12] [ERROR] [Get-SecurityAlerts] Operation failed: The parameter is incorrect
[2025-12-29 12:33:12] [WARNING] [ServiceMonitor] Critical service wuauserv is Stopped
[2025-12-29 12:33:16] [ERROR] [Get-SecurityAlerts] Operation failed: The parameter is incorrect
[2025-12-29 12:33:16] [WARNING] [ServiceMonitor] Critical service wuauserv is Stopped
[2025-12-29 12:33:17] [DEBUG] [Scheduler] Running job: SnapshotEvents
[2025-12-29 12:33:21] [ERROR] [Get-SecurityAlerts] Operation failed: The parameter is incorrect
[2025-12-29 12:33:21] [WARNING] [ServiceMonitor] Critical service wuauserv is Stopped
[2025-12-29 12:33:26] [ERROR] [Get-SecurityAlerts] Operation failed: The parameter is incorrect
[2025-12-29 12:33:26] [WARNING] [ServiceMonitor] Critical service wuauserv is Stopped
[2025-12-29 12:33:31] [ERROR] [Get-SecurityAlerts] Operation failed: The parameter is incorrect
[2025-12-29 12:33:31] [WARNING] [ServiceMonitor] Critical service wuauserv is Stopped
[2025-12-29 12:33:35] [ERROR] [Get-SecurityAlerts] Operation failed: The parameter is incorrect
[2025-12-29 12:33:35] [WARNING] [ServiceMonitor] Critical service wuauserv is Stopped
[2025-12-29 12:33:40] [ERROR] [Get-SecurityAlerts] Operation failed: The parameter is incorrect
[2025-12-29 12:33:40] [WARNING] [ServiceMonitor] Critical service wuauserv is Stopped
[2025-12-29 12:33:45] [ERROR] [Get-SecurityAlerts] Operation failed: The parameter is incorrect
[2025-12-29 12:33:45] [WARNING] [ServiceMonitor] Critical service wuauserv is Stopped
[2025-12-29 12:33:49] [ERROR] [Get-SecurityAlerts] Operation failed: The parameter is incorrect
[2025-12-29 12:33:49] [WARNING] [ServiceMonitor] Critical service wuauserv is Stopped
[2025-12-29 12:33:54] [ERROR] [Get-SecurityAlerts] Operation failed: The parameter is incorrect
[2025-12-29 12:33:54] [WARNING] [ServiceMonitor] Critical service wuauserv is Stopped
[2025-12-29 12:33:55] [DEBUG] [Scheduler] Running job: SnapshotEvents
[2025-12-29 12:33:59] [ERROR] [Get-SecurityAlerts] Operation failed: The parameter is incorrect
[2025-12-29 12:33:59] [WARNING] [ServiceMonitor] Critical service wuauserv is Stopped
[2025-12-29 12:34:04] [ERROR] [Get-SecurityAlerts] Operation failed: The parameter is incorrect
[2025-12-29 12:34:04] [WARNING] [ServiceMonitor] Critical service wuauserv is Stopped
[2025-12-29 12:34:08] [ERROR] [Get-SecurityAlerts] Operation failed: The parameter is incorrect
[2025-12-29 12:34:08] [WARNING] [ServiceMonitor] Critical service wuauserv is Stopped
[2025-12-29 12:34:13] [ERROR] [Get-SecurityAlerts] Operation failed: The parameter is incorrect
[2025-12-29 12:34:13] [WARNING] [ServiceMonitor] Critical service wuauserv is Stopped
[2025-12-29 12:34:18] [ERROR] [Get-SecurityAlerts] Operation failed: The parameter is incorrect
[2025-12-29 12:34:18] [WARNING] [ServiceMonitor] Critical service wuauserv is Stopped
[2025-12-29 12:34:19] [DEBUG] [Scheduler] Running job: SnapshotEvents
[2025-12-29 12:34:22] [ERROR] [Get-SecurityAlerts] Operation failed: The parameter is incorrect
[2025-12-29 12:34:22] [WARNING] [ServiceMonitor] Critical service wuauserv is Stopped
[2025-12-29 12:34:27] [ERROR] [Get-SecurityAlerts] Operation failed: The parameter is incorrect
[2025-12-29 12:34:27] [WARNING] [ServiceMonitor] Critical service wuauserv is Stopped
[2025-12-29 12:34:32] [ERROR] [Get-SecurityAlerts] Operation failed: The parameter is incorrect
[2025-12-29 12:34:32] [WARNING] [ServiceMonitor] Critical service wuauserv is Stopped
[2025-12-29 12:34:37] [ERROR] [Get-SecurityAlerts] Operation failed: The parameter is incorrect
[2025-12-29 12:34:37] [WARNING] [ServiceMonitor] Critical service wuauserv is Stopped
[2025-12-29 12:34:42] [ERROR] [Get-SecurityAlerts] Operation failed: The parameter is incorrect
[2025-12-29 12:34:42] [WARNING] [ServiceMonitor] Critical service wuauserv is Stopped
[2025-12-29 12:34:46] [ERROR] [Get-SecurityAlerts] Operation failed: The parameter is incorrect
[2025-12-29 12:34:46] [WARNING] [ServiceMonitor] Critical service wuauserv is Stopped
[2025-12-29 12:34:51] [ERROR] [Get-SecurityAlerts] Operation failed: The parameter is incorrect
[2025-12-29 12:34:51] [WARNING] [ServiceMonitor] Critical service wuauserv is Stopped
[2025-12-29 12:34:56] [ERROR] [Get-SecurityAlerts] Operation failed: The parameter is incorrect
[2025-12-29 12:34:56] [WARNING] [ServiceMonitor] Critical service wuauserv is Stopped
[2025-12-29 12:34:57] [DEBUG] [Scheduler] Running job: SnapshotEvents
[2025-12-29 12:35:01] [ERROR] [Get-SecurityAlerts] Operation failed: The parameter is incorrect
[2025-12-29 12:35:01] [WARNING] [ServiceMonitor] Critical service wuauserv is Stopped
[2025-12-29 12:35:06] [ERROR] [Get-SecurityAlerts] Operation failed: The parameter is incorrect
[2025-12-29 12:35:06] [WARNING] [ServiceMonitor] Critical service wuauserv is Stopped
[2025-12-29 12:35:10] [ERROR] [Get-SecurityAlerts] Operation failed: The parameter is incorrect
[2025-12-29 12:35:10] [WARNING] [ServiceMonitor] Critical service wuauserv is Stopped
[2025-12-29 12:35:15] [ERROR] [Get-SecurityAlerts] Operation failed: The parameter is incorrect
[2025-12-29 12:35:15] [WARNING] [ServiceMonitor] Critical service wuauserv is Stopped
[2025-12-29 12:35:20] [ERROR] [Get-SecurityAlerts] Operation failed: The parameter is incorrect
[2025-12-29 12:35:20] [WARNING] [ServiceMonitor] Critical service wuauserv is Stopped
[2025-12-29 12:35:21] [DEBUG] [Scheduler] Running job: SnapshotEvents
[2025-12-29 12:35:25] [ERROR] [Get-SecurityAlerts] Operation failed: The parameter is incorrect
[2025-12-29 12:35:25] [WARNING] [ServiceMonitor] Critical service wuauserv is Stopped
[2025-12-29 12:35:29] [ERROR] [Get-SecurityAlerts] Operation failed: The parameter is incorrect
[2025-12-29 12:35:29] [WARNING] [ServiceMonitor] Critical service wuauserv is Stopped
[2025-12-29 12:35:34] [ERROR] [Get-SecurityAlerts] Operation failed: The parameter is incorrect
[2025-12-29 12:35:34] [WARNING] [ServiceMonitor] Critical service wuauserv is Stopped
[2025-12-29 12:35:39] [ERROR] [Get-SecurityAlerts] Operation failed: The parameter is incorrect
[2025-12-29 12:35:39] [WARNING] [ServiceMonitor] Critical service wuauserv is Stopped
[2025-12-29 12:35:43] [ERROR] [Get-SecurityAlerts] Operation failed: The parameter is incorrect
[2025-12-29 12:35:43] [WARNING] [ServiceMonitor] Critical service wuauserv is Stopped
[2025-12-29 12:35:48] [ERROR] [Get-SecurityAlerts] Operation failed: The parameter is incorrect
[2025-12-29 12:35:48] [WARNING] [ServiceMonitor] Critical service wuauserv is Stopped
[2025-12-29 12:35:53] [ERROR] [Get-SecurityAlerts] Operation failed: The parameter is incorrect
[2025-12-29 12:35:53] [WARNING] [ServiceMonitor] Critical service wuauserv is Stopped
[2025-12-29 12:35:58] [ERROR] [Get-SecurityAlerts] Operation failed: The parameter is incorrect
[2025-12-29 12:35:58] [WARNING] [ServiceMonitor] Critical service wuauserv is Stopped
[2025-12-29 12:35:59] [DEBUG] [Scheduler] Running job: SnapshotEvents
[2025-12-29 12:36:02] [ERROR] [Get-SecurityAlerts] Operation failed: The parameter is incorrect
[2025-12-29 12:36:02] [WARNING] [ServiceMonitor] Critical service wuauserv is Stopped
[2025-12-29 12:36:07] [ERROR] [Get-SecurityAlerts] Operation failed: The parameter is incorrect
[2025-12-29 12:36:07] [WARNING] [ServiceMonitor] Critical service wuauserv is Stopped
[2025-12-29 12:36:12] [ERROR] [Get-SecurityAlerts] Operation failed: The parameter is incorrect
[2025-12-29 12:36:12] [WARNING] [ServiceMonitor] Critical service wuauserv is Stopped
[2025-12-29 12:36:17] [ERROR] [Get-SecurityAlerts] Operation failed: The parameter is incorrect
[2025-12-29 12:36:17] [WARNING] [ServiceMonitor] Critical service wuauserv is Stopped
[2025-12-29 12:36:21] [ERROR] [Get-SecurityAlerts] Operation failed: The parameter is incorrect
[2025-12-29 12:36:21] [WARNING] [ServiceMonitor] Critical service wuauserv is Stopped
[2025-12-29 12:36:22] [DEBUG] [Scheduler] Running job: SnapshotEvents
[2025-12-29 12:36:26] [ERROR] [Get-SecurityAlerts] Operation failed: The parameter is incorrect
[2025-12-29 12:36:26] [WARNING] [ServiceMonitor] Critical service wuauserv is Stopped
[2025-12-29 12:36:31] [ERROR] [Get-SecurityAlerts] Operation failed: The parameter is incorrect
[2025-12-29 12:36:31] [WARNING] [ServiceMonitor] Critical service wuauserv is Stopped
[2025-12-29 12:36:36] [ERROR] [Get-SecurityAlerts] Operation failed: The parameter is incorrect
[2025-12-29 12:36:36] [WARNING] [ServiceMonitor] Critical service wuauserv is Stopped
[2025-12-29 12:36:41] [ERROR] [Get-SecurityAlerts] Operation failed: The parameter is incorrect
[2025-12-29 12:36:41] [WARNING] [ServiceMonitor] Critical service wuauserv is Stopped
[2025-12-29 12:36:45] [ERROR] [Get-SecurityAlerts] Operation failed: The parameter is incorrect
[2025-12-29 12:36:45] [WARNING] [ServiceMonitor] Critical service wuauserv is Stopped
[2025-12-29 12:36:50] [ERROR] [Get-SecurityAlerts] Operation failed: The parameter is incorrect
[2025-12-29 12:36:50] [WARNING] [ServiceMonitor] Critical service wuauserv is Stopped
[2025-12-29 12:36:55] [INFO] [Scheduler] Registered job: SnapshotEvents (Interval: 60s)
[2025-12-29 12:37:00] [DEBUG] [Scheduler] Running job: SnapshotEvents
[2025-12-29 12:37:24] [DEBUG] [Scheduler] Running job: SnapshotEvents
[2025-12-29 12:37:57] [DEBUG] [Scheduler] Running job: SnapshotEvents
[2025-12-29 12:38:02] [DEBUG] [Scheduler] Running job: SnapshotEvents
[2025-12-29 12:38:26] [DEBUG] [Scheduler] Running job: SnapshotEvents
[2025-12-29 12:38:55] [INFO] [Scheduler] Registered job: SnapshotEvents (Interval: 60s)
[2025-12-29 12:38:55] [WARNING] [ServiceMonitor] Critical service wuauserv is Stopped
[2025-12-29 12:38:56] [ERROR] [Get-SecurityAlerts] Operation failed: The parameter is incorrect
[2025-12-29 12:39:06] [WARNING] [ServiceMonitor] Critical service wuauserv is Stopped
[2025-12-29 12:39:16] [WARNING] [ServiceMonitor] Critical service wuauserv is Stopped
[2025-12-29 12:39:25] [WARNING] [ServiceMonitor] Critical service wuauserv is Stopped
[2025-12-29 12:39:35] [WARNING] [ServiceMonitor] Critical service wuauserv is Stopped
[2025-12-29 12:39:44] [WARNING] [ServiceMonitor] Critical service wuauserv is Stopped
[2025-12-29 12:39:53] [WARNING] [ServiceMonitor] Critical service wuauserv is Stopped
[2025-12-29 12:39:58] [DEBUG] [Scheduler] Running job: SnapshotEvents
[2025-12-29 12:40:03] [WARNING] [ServiceMonitor] Critical service wuauserv is Stopped
[2025-12-29 12:40:12] [WARNING] [ServiceMonitor] Critical service wuauserv is Stopped
[2025-12-29 12:40:22] [WARNING] [ServiceMonitor] Critical service wuauserv is Stopped
[2025-12-29 12:40:31] [WARNING] [ServiceMonitor] Critical service wuauserv is Stopped
[2025-12-29 12:40:44] [INFO] [Scheduler] Registered job: SnapshotEvents (Interval: 60s)
[2025-12-29 12:40:44] [WARNING] [ServiceMonitor] Critical service wuauserv is Stopped
[2025-12-29 12:40:45] [ERROR] [Get-SecurityAlerts] Operation failed: The parameter is incorrect
[2025-12-29 12:40:55] [WARNING] [ServiceMonitor] Critical service wuauserv is Stopped
[2025-12-29 12:41:04] [WARNING] [ServiceMonitor] Critical service wuauserv is Stopped
[2025-12-29 12:41:14] [WARNING] [ServiceMonitor] Critical service wuauserv is Stopped
[2025-12-29 12:41:23] [WARNING] [ServiceMonitor] Critical service wuauserv is Stopped
[2025-12-29 12:41:33] [WARNING] [ServiceMonitor] Critical service wuauserv is Stopped
[2025-12-29 12:41:42] [WARNING] [ServiceMonitor] Critical service wuauserv is Stopped
[2025-12-29 12:41:47] [DEBUG] [Scheduler] Running job: SnapshotEvents
[2025-12-29 12:41:51] [WARNING] [ServiceMonitor] Critical service wuauserv is Stopped
[2025-12-29 12:42:01] [WARNING] [ServiceMonitor] Critical service wuauserv is Stopped
[2025-12-29 12:42:10] [WARNING] [ServiceMonitor] Critical service wuauserv is Stopped
[2025-12-29 12:42:20] [WARNING] [ServiceMonitor] Critical service wuauserv is Stopped
[2025-12-29 12:42:29] [WARNING] [ServiceMonitor] Critical service wuauserv is Stopped
[2025-12-29 12:42:38] [WARNING] [ServiceMonitor] Critical service wuauserv is Stopped
[2025-12-29 12:42:48] [DEBUG] [Scheduler] Running job: SnapshotEvents
[2025-12-29 12:42:48] [WARNING] [ServiceMonitor] Critical service wuauserv is Stopped
[2025-12-29 12:42:57] [WARNING] [ServiceMonitor] Critical service wuauserv is Stopped
[2025-12-29 12:43:06] [WARNING] [ServiceMonitor] Critical service wuauserv is Stopped
[2025-12-29 12:43:20] [ERROR] [Get-SecurityAlerts] Operation failed: The parameter is incorrect
[2025-12-29 12:43:20] [WARNING] [ServiceMonitor] Critical service wuauserv is Stopped
[2025-12-29 12:43:31] [ERROR] [Get-SecurityAlerts] Operation failed: The parameter is incorrect
[2025-12-29 12:43:31] [WARNING] [ServiceMonitor] Critical service wuauserv is Stopped
[2025-12-29 12:43:45] [ERROR] [Get-SecurityAlerts] Operation failed: The parameter is incorrect
[2025-12-29 12:43:45] [WARNING] [ServiceMonitor] Critical service wuauserv is Stopped
[2025-12-29 12:43:59] [ERROR] [Get-SecurityAlerts] Operation failed: The parameter is incorrect
[2025-12-29 12:43:59] [WARNING] [ServiceMonitor] Critical service wuauserv is Stopped
[2025-12-29 12:45:06] [ERROR] [Get-SecurityAlerts] Operation failed: The parameter is incorrect
[2025-12-29 12:45:06] [WARNING] [ServiceMonitor] Critical service wuauserv is Stopped
[2025-12-29 12:45:20] [ERROR] [Get-SecurityAlerts] Operation failed: The parameter is incorrect
[2025-12-29 12:45:20] [WARNING] [ServiceMonitor] Critical service wuauserv is Stopped
[2025-12-29 12:45:32] [ERROR] [Get-SecurityAlerts] Operation failed: The parameter is incorrect
[2025-12-29 12:45:32] [WARNING] [ServiceMonitor] Critical service wuauserv is Stopped
[2025-12-29 12:45:47] [ERROR] [Get-SecurityAlerts] Operation failed: The parameter is incorrect
[2025-12-29 12:45:47] [WARNING] [ServiceMonitor] Critical service wuauserv is Stopped
[2025-12-29 12:46:01] [ERROR] [Get-SecurityAlerts] Operation failed: The parameter is incorrect
[2025-12-29 12:46:01] [WARNING] [ServiceMonitor] Critical service wuauserv is Stopped
[2025-12-29 12:46:15] [ERROR] [Get-SecurityAlerts] Operation failed: The parameter is incorrect
[2025-12-29 12:46:15] [WARNING] [ServiceMonitor] Critical service wuauserv is Stopped
[2025-12-29 12:46:29] [ERROR] [Get-SecurityAlerts] Operation failed: The parameter is incorrect
[2025-12-29 12:46:29] [WARNING] [ServiceMonitor] Critical service wuauserv is Stopped
[2025-12-29 12:46:43] [ERROR] [Get-SecurityAlerts] Operation failed: The parameter is incorrect
[2025-12-29 12:46:43] [WARNING] [ServiceMonitor] Critical service wuauserv is Stopped
[2025-12-29 12:46:57] [ERROR] [Get-SecurityAlerts] Operation failed: The parameter is incorrect
[2025-12-29 12:46:57] [WARNING] [ServiceMonitor] Critical service wuauserv is Stopped
[2025-12-29 12:47:11] [ERROR] [Get-SecurityAlerts] Operation failed: The parameter is incorrect
[2025-12-29 12:47:11] [WARNING] [ServiceMonitor] Critical service wuauserv is Stopped
[2025-12-29 12:47:25] [ERROR] [Get-SecurityAlerts] Operation failed: The parameter is incorrect
[2025-12-29 12:47:25] [WARNING] [ServiceMonitor] Critical service wuauserv is Stopped
[2025-12-29 12:47:39] [ERROR] [Get-SecurityAlerts] Operation failed: The parameter is incorrect
[2025-12-29 12:47:39] [WARNING] [ServiceMonitor] Critical service wuauserv is Stopped
[2025-12-29 12:47:54] [ERROR] [Get-SecurityAlerts] Operation failed: The parameter is incorrect
[2025-12-29 12:47:54] [WARNING] [ServiceMonitor] Critical service wuauserv is Stopped
[2025-12-29 12:48:08] [ERROR] [Get-SecurityAlerts] Operation failed: The parameter is incorrect
[2025-12-29 12:48:08] [WARNING] [ServiceMonitor] Critical service wuauserv is Stopped
[2025-12-29 12:48:22] [ERROR] [Get-SecurityAlerts] Operation failed: The parameter is incorrect
[2025-12-29 12:48:22] [WARNING] [ServiceMonitor] Critical service wuauserv is Stopped
[2025-12-29 12:48:36] [ERROR] [Get-SecurityAlerts] Operation failed: The parameter is incorrect
[2025-12-29 12:48:36] [WARNING] [ServiceMonitor] Critical service wuauserv is Stopped
[2025-12-29 12:48:50] [ERROR] [Get-SecurityAlerts] Operation failed: The parameter is incorrect
[2025-12-29 12:48:50] [WARNING] [ServiceMonitor] Critical service wuauserv is Stopped
[2025-12-29 12:49:04] [ERROR] [Get-SecurityAlerts] Operation failed: The parameter is incorrect
[2025-12-29 12:49:04] [WARNING] [ServiceMonitor] Critical service wuauserv is Stopped
[2025-12-29 12:49:18] [ERROR] [Get-SecurityAlerts] Operation failed: The parameter is incorrect
[2025-12-29 12:49:18] [WARNING] [ServiceMonitor] Critical service wuauserv is Stopped
[2025-12-29 12:49:32] [ERROR] [Get-SecurityAlerts] Operation failed: The parameter is incorrect
[2025-12-29 12:49:32] [WARNING] [ServiceMonitor] Critical service wuauserv is Stopped
[2025-12-29 12:49:46] [ERROR] [Get-SecurityAlerts] Operation failed: The parameter is incorrect
[2025-12-29 12:49:46] [WARNING] [ServiceMonitor] Critical service wuauserv is Stopped
[2025-12-29 12:50:00] [ERROR] [Get-SecurityAlerts] Operation failed: The parameter is incorrect
[2025-12-29 12:50:00] [WARNING] [ServiceMonitor] Critical service wuauserv is Stopped
[2025-12-29 12:50:15] [ERROR] [Get-SecurityAlerts] Operation failed: The parameter is incorrect
[2025-12-29 12:50:15] [WARNING] [ServiceMonitor] Critical service wuauserv is Stopped
[2025-12-29 12:50:29] [ERROR] [Get-SecurityAlerts] Operation failed: The parameter is incorrect
[2025-12-29 12:50:29] [WARNING] [ServiceMonitor] Critical service wuauserv is Stopped
[2025-12-29 12:50:43] [ERROR] [Get-SecurityAlerts] Operation failed: The parameter is incorrect
[2025-12-29 12:50:43] [WARNING] [ServiceMonitor] Critical service wuauserv is Stopped
[2025-12-29 12:50:57] [ERROR] [Get-SecurityAlerts] Operation failed: The parameter is incorrect
[2025-12-29 12:50:57] [WARNING] [ServiceMonitor] Critical service wuauserv is Stopped
[2025-12-29 12:51:11] [ERROR] [Get-SecurityAlerts] Operation failed: The parameter is incorrect
[2025-12-29 12:51:11] [WARNING] [ServiceMonitor] Critical service wuauserv is Stopped
[2025-12-29 12:51:25] [ERROR] [Get-SecurityAlerts] Operation failed: The parameter is incorrect
[2025-12-29 12:51:25] [WARNING] [ServiceMonitor] Critical service wuauserv is Stopped
[2025-12-29 12:51:35] [WARNING] [ServiceMonitor] Critical service wuauserv is Stopped
[2025-12-29 12:51:37] [WARNING] [ServiceMonitor] Critical service wuauserv is Stopped
[2025-12-29 12:51:39] [WARNING] [ServiceMonitor] Critical service wuauserv is Stopped
[2025-12-29 12:51:41] [WARNING] [ServiceMonitor] Critical service wuauserv is Stopped
[2025-12-29 12:51:43] [WARNING] [ServiceMonitor] Critical service wuauserv is Stopped
[2025-12-29 12:51:45] [WARNING] [ServiceMonitor] Critical service wuauserv is Stopped
[2025-12-29 12:51:47] [WARNING] [ServiceMonitor] Critical service wuauserv is Stopped
[2025-12-29 12:51:49] [WARNING] [ServiceMonitor] Critical service wuauserv is Stopped
[2025-12-29 12:51:51] [WARNING] [ServiceMonitor] Critical service wuauserv is Stopped
[2025-12-29 12:51:53] [WARNING] [ServiceMonitor] Critical service wuauserv is Stopped
[2025-12-29 12:51:55] [WARNING] [ServiceMonitor] Critical service wuauserv is Stopped
[2025-12-29 12:51:57] [WARNING] [ServiceMonitor] Critical service wuauserv is Stopped
[2025-12-29 12:51:59] [WARNING] [ServiceMonitor] Critical service wuauserv is Stopped
[2025-12-29 12:52:01] [WARNING] [ServiceMonitor] Critical service wuauserv is Stopped
[2025-12-29 12:52:03] [WARNING] [ServiceMonitor] Critical service wuauserv is Stopped
[2025-12-29 12:52:05] [WARNING] [ServiceMonitor] Critical service wuauserv is Stopped
[2025-12-29 12:52:07] [WARNING] [ServiceMonitor] Critical service wuauserv is Stopped
[2025-12-29 12:52:09] [WARNING] [ServiceMonitor] Critical service wuauserv is Stopped
[2025-12-29 12:52:11] [WARNING] [ServiceMonitor] Critical service wuauserv is Stopped
[2025-12-29 12:52:13] [WARNING] [ServiceMonitor] Critical service wuauserv is Stopped
[2025-12-29 12:52:15] [WARNING] [ServiceMonitor] Critical service wuauserv is Stopped
[2025-12-29 12:52:17] [WARNING] [ServiceMonitor] Critical service wuauserv is Stopped
[2025-12-29 12:52:19] [WARNING] [ServiceMonitor] Critical service wuauserv is Stopped
[2025-12-29 12:52:21] [WARNING] [ServiceMonitor] Critical service wuauserv is Stopped
[2025-12-29 12:52:23] [WARNING] [ServiceMonitor] Critical service wuauserv is Stopped
[2025-12-29 12:52:25] [WARNING] [ServiceMonitor] Critical service wuauserv is Stopped
[2025-12-29 12:52:27] [WARNING] [ServiceMonitor] Critical service wuauserv is Stopped
[2025-12-29 12:52:29] [WARNING] [ServiceMonitor] Critical service wuauserv is Stopped
[2025-12-29 12:52:31] [WARNING] [ServiceMonitor] Critical service wuauserv is Stopped
[2025-12-29 12:52:33] [WARNING] [ServiceMonitor] Critical service wuauserv is Stopped
[2025-12-29 12:52:35] [WARNING] [ServiceMonitor] Critical service wuauserv is Stopped
[2025-12-29 12:52:37] [WARNING] [ServiceMonitor] Critical service wuauserv is Stopped
[2025-12-29 12:52:39] [WARNING] [ServiceMonitor] Critical service wuauserv is Stopped
[2025-12-29 12:52:41] [WARNING] [ServiceMonitor] Critical service wuauserv is Stopped
[2025-12-29 12:52:43] [WARNING] [ServiceMonitor] Critical service wuauserv is Stopped
[2025-12-29 12:52:45] [WARNING] [ServiceMonitor] Critical service wuauserv is Stopped
[2025-12-29 12:52:47] [WARNING] [ServiceMonitor] Critical service wuauserv is Stopped
[2025-12-29 12:52:49] [WARNING] [ServiceMonitor] Critical service wuauserv is Stopped
[2025-12-29 12:52:51] [WARNING] [ServiceMonitor] Critical service wuauserv is Stopped
[2025-12-29 12:52:53] [WARNING] [ServiceMonitor] Critical service wuauserv is Stopped
[2025-12-29 12:52:55] [WARNING] [ServiceMonitor] Critical service wuauserv is Stopped
[2025-12-29 12:52:57] [WARNING] [ServiceMonitor] Critical service wuauserv is Stopped
[2025-12-29 12:52:59] [WARNING] [ServiceMonitor] Critical service wuauserv is Stopped
[2025-12-29 12:53:01] [WARNING] [ServiceMonitor] Critical service wuauserv is Stopped
[2025-12-29 12:53:03] [WARNING] [ServiceMonitor] Critical service wuauserv is Stopped
[2025-12-29 12:53:05] [WARNING] [ServiceMonitor] Critical service wuauserv is Stopped
[2025-12-29 12:53:07] [WARNING] [ServiceMonitor] Critical service wuauserv is Stopped
[2025-12-29 12:53:09] [WARNING] [ServiceMonitor] Critical service wuauserv is Stopped
[2025-12-29 12:53:11] [WARNING] [ServiceMonitor] Critical service wuauserv is Stopped
[2025-12-29 12:53:13] [WARNING] [ServiceMonitor] Critical service wuauserv is Stopped
[2025-12-29 12:53:15] [WARNING] [ServiceMonitor] Critical service wuauserv is Stopped
[2025-12-29 12:53:17] [WARNING] [ServiceMonitor] Critical service wuauserv is Stopped
[2025-12-29 12:53:19] [WARNING] [ServiceMonitor] Critical service wuauserv is Stopped
[2025-12-29 12:53:21] [WARNING] [ServiceMonitor] Critical service wuauserv is Stopped
[2025-12-29 12:53:23] [WARNING] [ServiceMonitor] Critical service wuauserv is Stopped
[2025-12-29 12:53:25] [WARNING] [ServiceMonitor] Critical service wuauserv is Stopped
[2025-12-29 12:53:27] [WARNING] [ServiceMonitor] Critical service wuauserv is Stopped
[2025-12-29 12:53:29] [WARNING] [ServiceMonitor] Critical service wuauserv is Stopped
[2025-12-29 12:53:31] [WARNING] [ServiceMonitor] Critical service wuauserv is Stopped
[2025-12-29 12:53:33] [WARNING] [ServiceMonitor] Critical service wuauserv is Stopped
[2025-12-29 12:53:35] [WARNING] [ServiceMonitor] Critical service wuauserv is Stopped
[2025-12-29 12:53:37] [WARNING] [ServiceMonitor] Critical service wuauserv is Stopped
[2025-12-29 12:53:39] [WARNING] [ServiceMonitor] Critical service wuauserv is Stopped
[2025-12-29 12:53:41] [WARNING] [ServiceMonitor] Critical service wuauserv is Stopped
[2025-12-29 12:53:43] [WARNING] [ServiceMonitor] Critical service wuauserv is Stopped
[2025-12-29 12:53:45] [WARNING] [ServiceMonitor] Critical service wuauserv is Stopped
[2025-12-29 12:53:47] [WARNING] [ServiceMonitor] Critical service wuauserv is Stopped
[2025-12-29 12:53:49] [WARNING] [ServiceMonitor] Critical service wuauserv is Stopped
[2025-12-29 12:53:51] [WARNING] [ServiceMonitor] Critical service wuauserv is Stopped
[2025-12-29 12:53:53] [WARNING] [ServiceMonitor] Critical service wuauserv is Stopped
[2025-12-29 12:53:55] [WARNING] [ServiceMonitor] Critical service wuauserv is Stopped
[2025-12-29 12:53:57] [WARNING] [ServiceMonitor] Critical service wuauserv is Stopped
[2025-12-29 12:53:59] [WARNING] [ServiceMonitor] Critical service wuauserv is Stopped
[2025-12-29 12:54:01] [WARNING] [ServiceMonitor] Critical service wuauserv is Stopped
[2025-12-29 12:54:03] [WARNING] [ServiceMonitor] Critical service wuauserv is Stopped
[2025-12-29 12:54:05] [WARNING] [ServiceMonitor] Critical service wuauserv is Stopped
[2025-12-29 12:54:07] [WARNING] [ServiceMonitor] Critical service wuauserv is Stopped
[2025-12-29 12:54:09] [WARNING] [ServiceMonitor] Critical service wuauserv is Stopped
[2025-12-29 12:54:11] [WARNING] [ServiceMonitor] Critical service wuauserv is Stopped
[2025-12-29 12:54:13] [WARNING] [ServiceMonitor] Critical service wuauserv is Stopped
[2025-12-29 12:54:15] [WARNING] [ServiceMonitor] Critical service wuauserv is Stopped
[2025-12-29 12:54:17] [WARNING] [ServiceMonitor] Critical service wuauserv is Stopped
[2025-12-29 12:54:19] [WARNING] [ServiceMonitor] Critical service wuauserv is Stopped
[2025-12-29 12:54:21] [WARNING] [ServiceMonitor] Critical service wuauserv is Stopped
[2025-12-29 12:54:23] [WARNING] [ServiceMonitor] Critical service wuauserv is Stopped
[2025-12-29 12:54:25] [WARNING] [ServiceMonitor] Critical service wuauserv is Stopped
[2025-12-29 12:54:27] [WARNING] [ServiceMonitor] Critical service wuauserv is Stopped
[2025-12-29 12:54:29] [WARNING] [ServiceMonitor] Critical service wuauserv is Stopped
[2025-12-29 12:54:31] [WARNING] [ServiceMonitor] Critical service wuauserv is Stopped
[2025-12-29 12:54:33] [WARNING] [ServiceMonitor] Critical service wuauserv is Stopped
[2025-12-29 12:54:35] [WARNING] [ServiceMonitor] Critical service wuauserv is Stopped
[2025-12-29 12:54:37] [WARNING] [ServiceMonitor] Critical service wuauserv is Stopped
[2025-12-29 12:54:39] [WARNING] [ServiceMonitor] Critical service wuauserv is Stopped
[2025-12-29 12:54:41] [WARNING] [ServiceMonitor] Critical service wuauserv is Stopped
[2025-12-29 12:54:43] [WARNING] [ServiceMonitor] Critical service wuauserv is Stopped
[2025-12-29 12:54:45] [WARNING] [ServiceMonitor] Critical service wuauserv is Stopped
[2025-12-29 12:54:47] [WARNING] [ServiceMonitor] Critical service wuauserv is Stopped
[2025-12-29 12:54:49] [WARNING] [ServiceMonitor] Critical service wuauserv is Stopped
[2025-12-29 12:54:51] [WARNING] [ServiceMonitor] Critical service wuauserv is Stopped
[2025-12-29 12:54:53] [WARNING] [ServiceMonitor] Critical service wuauserv is Stopped
[2025-12-29 12:54:55] [WARNING] [ServiceMonitor] Critical service wuauserv is Stopped
[2025-12-29 12:54:57] [WARNING] [ServiceMonitor] Critical service wuauserv is Stopped
[2025-12-29 12:54:59] [WARNING] [ServiceMonitor] Critical service wuauserv is Stopped
[2025-12-29 12:55:51] [WARNING] [ServiceMonitor] Critical service wuauserv is Stopped
[2025-12-29 12:55:53] [WARNING] [ServiceMonitor] Critical service wuauserv is Stopped
[2025-12-29 12:55:54] [WARNING] [ServiceMonitor] Critical service wuauserv is Stopped
[2025-12-29 12:55:56] [WARNING] [ServiceMonitor] Critical service wuauserv is Stopped
[2025-12-29 12:55:58] [WARNING] [ServiceMonitor] Critical service wuauserv is Stopped
[2025-12-29 12:56:00] [WARNING] [ServiceMonitor] Critical service wuauserv is Stopped
[2025-12-29 12:56:02] [WARNING] [ServiceMonitor] Critical service wuauserv is Stopped
[2025-12-29 12:56:04] [WARNING] [ServiceMonitor] Critical service wuauserv is Stopped
[2025-12-29 12:56:06] [WARNING] [ServiceMonitor] Critical service wuauserv is Stopped
[2025-12-29 12:56:08] [WARNING] [ServiceMonitor] Critical service wuauserv is Stopped
[2025-12-29 12:56:10] [WARNING] [ServiceMonitor] Critical service wuauserv is Stopped
[2025-12-29 12:56:14] [WARNING] [ServiceMonitor] Critical service wuauserv is Stopped
[2025-12-29 12:56:16] [WARNING] [ServiceMonitor] Critical service wuauserv is Stopped
[2025-12-29 12:56:18] [WARNING] [ServiceMonitor] Critical service wuauserv is Stopped
[2025-12-29 12:56:20] [WARNING] [ServiceMonitor] Critical service wuauserv is Stopped
[2025-12-29 12:56:22] [WARNING] [ServiceMonitor] Critical service wuauserv is Stopped
[2025-12-29 12:56:24] [WARNING] [ServiceMonitor] Critical service wuauserv is Stopped
[2025-12-29 12:56:26] [WARNING] [ServiceMonitor] Critical service wuauserv is Stopped
[2025-12-29 12:56:28] [WARNING] [ServiceMonitor] Critical service wuauserv is Stopped
[2025-12-29 12:56:30] [WARNING] [ServiceMonitor] Critical service wuauserv is Stopped
[2025-12-29 12:56:32] [WARNING] [ServiceMonitor] Critical service wuauserv is Stopped
[2025-12-29 12:56:34] [WARNING] [ServiceMonitor] Critical service wuauserv is Stopped
[2025-12-29 12:56:36] [WARNING] [ServiceMonitor] Critical service wuauserv is Stopped
[2025-12-29 12:56:38] [WARNING] [ServiceMonitor] Critical service wuauserv is Stopped
[2025-12-29 12:56:40] [WARNING] [ServiceMonitor] Critical service wuauserv is Stopped
[2025-12-29 12:56:42] [WARNING] [ServiceMonitor] Critical service wuauserv is Stopped
[2025-12-29 12:56:44] [WARNING] [ServiceMonitor] Critical service wuauserv is Stopped
[2025-12-29 12:56:46] [WARNING] [ServiceMonitor] Critical service wuauserv is Stopped
[2025-12-29 12:56:48] [WARNING] [ServiceMonitor] Critical service wuauserv is Stopped
[2025-12-29 12:56:50] [WARNING] [ServiceMonitor] Critical service wuauserv is Stopped
[2025-12-29 12:56:52] [WARNING] [ServiceMonitor] Critical service wuauserv is Stopped
[2025-12-29 12:56:54] [WARNING] [ServiceMonitor] Critical service wuauserv is Stopped
[2025-12-29 12:56:56] [WARNING] [ServiceMonitor] Critical service wuauserv is Stopped
[2025-12-29 12:56:58] [WARNING] [ServiceMonitor] Critical service wuauserv is Stopped
[2025-12-29 12:57:00] [WARNING] [ServiceMonitor] Critical service wuauserv is Stopped
[2025-12-29 12:57:02] [WARNING] [ServiceMonitor] Critical service wuauserv is Stopped
[2025-12-29 12:57:04] [WARNING] [ServiceMonitor] Critical service wuauserv is Stopped
[2025-12-29 12:57:06] [WARNING] [ServiceMonitor] Critical service wuauserv is Stopped
[2025-12-29 12:57:08] [WARNING] [ServiceMonitor] Critical service wuauserv is Stopped
[2025-12-29 12:57:10] [WARNING] [ServiceMonitor] Critical service wuauserv is Stopped
[2025-12-29 12:57:12] [WARNING] [ServiceMonitor] Critical service wuauserv is Stopped
[2025-12-29 12:57:14] [WARNING] [ServiceMonitor] Critical service wuauserv is Stopped
[2025-12-29 12:57:16] [WARNING] [ServiceMonitor] Critical service wuauserv is Stopped
[2025-12-29 12:57:18] [WARNING] [ServiceMonitor] Critical service wuauserv is Stopped
[2025-12-29 12:57:20] [WARNING] [ServiceMonitor] Critical service wuauserv is Stopped
[2025-12-29 12:57:22] [WARNING] [ServiceMonitor] Critical service wuauserv is Stopped
[2025-12-29 12:57:24] [WARNING] [ServiceMonitor] Critical service wuauserv is Stopped
[2025-12-29 12:57:26] [WARNING] [ServiceMonitor] Critical service wuauserv is Stopped
[2025-12-29 12:57:28] [WARNING] [ServiceMonitor] Critical service wuauserv is Stopped
[2025-12-29 12:57:30] [WARNING] [ServiceMonitor] Critical service wuauserv is Stopped
[2025-12-29 12:57:32] [WARNING] [ServiceMonitor] Critical service wuauserv is Stopped
[2025-12-29 12:57:34] [WARNING] [ServiceMonitor] Critical service wuauserv is Stopped
[2025-12-29 12:57:36] [WARNING] [ServiceMonitor] Critical service wuauserv is Stopped
[2025-12-29 12:57:38] [WARNING] [ServiceMonitor] Critical service wuauserv is Stopped
[2025-12-29 12:57:40] [WARNING] [ServiceMonitor] Critical service wuauserv is Stopped
[2025-12-29 12:57:42] [WARNING] [ServiceMonitor] Critical service wuauserv is Stopped
[2025-12-29 12:57:44] [WARNING] [ServiceMonitor] Critical service wuauserv is Stopped
[2025-12-29 12:57:46] [WARNING] [ServiceMonitor] Critical service wuauserv is Stopped
[2025-12-29 12:57:48] [WARNING] [ServiceMonitor] Critical service wuauserv is Stopped
[2025-12-29 12:57:50] [WARNING] [ServiceMonitor] Critical service wuauserv is Stopped
[2025-12-29 12:57:52] [WARNING] [ServiceMonitor] Critical service wuauserv is Stopped
[2025-12-29 12:57:54] [WARNING] [ServiceMonitor] Critical service wuauserv is Stopped
[2025-12-29 12:57:56] [WARNING] [ServiceMonitor] Critical service wuauserv is Stopped
[2025-12-29 12:57:58] [WARNING] [ServiceMonitor] Critical service wuauserv is Stopped
[2025-12-29 12:58:00] [WARNING] [ServiceMonitor] Critical service wuauserv is Stopped
[2025-12-29 12:58:02] [WARNING] [ServiceMonitor] Critical service wuauserv is Stopped
[2025-12-29 12:58:04] [WARNING] [ServiceMonitor] Critical service wuauserv is Stopped
[2025-12-29 12:58:06] [WARNING] [ServiceMonitor] Critical service wuauserv is Stopped
[2025-12-29 12:58:08] [WARNING] [ServiceMonitor] Critical service wuauserv is Stopped
[2025-12-29 12:58:10] [WARNING] [ServiceMonitor] Critical service wuauserv is Stopped
[2025-12-29 12:58:12] [WARNING] [ServiceMonitor] Critical service wuauserv is Stopped
[2025-12-29 12:58:14] [WARNING] [ServiceMonitor] Critical service wuauserv is Stopped
[2025-12-29 12:59:07] [WARNING] [ServiceMonitor] Critical service wuauserv is Stopped
[2025-12-29 12:59:08] [WARNING] [ServiceMonitor] Critical service wuauserv is Stopped
[2025-12-29 12:59:10] [WARNING] [ServiceMonitor] Critical service wuauserv is Stopped
[2025-12-29 12:59:12] [WARNING] [ServiceMonitor] Critical service wuauserv is Stopped
[2025-12-29 12:59:14] [WARNING] [ServiceMonitor] Critical service wuauserv is Stopped
[2025-12-29 12:59:18] [WARNING] [ServiceMonitor] Critical service wuauserv is Stopped
[2025-12-29 12:59:19] [WARNING] [ServiceMonitor] Critical service wuauserv is Stopped
[2025-12-29 12:59:21] [WARNING] [ServiceMonitor] Critical service wuauserv is Stopped
[2025-12-29 12:59:23] [WARNING] [ServiceMonitor] Critical service wuauserv is Stopped
[2025-12-29 12:59:24] [WARNING] [ServiceMonitor] Critical service wuauserv is Stopped
[2025-12-29 12:59:26] [WARNING] [ServiceMonitor] Critical service wuauserv is Stopped
[2025-12-29 12:59:28] [WARNING] [ServiceMonitor] Critical service wuauserv is Stopped
[2025-12-29 12:59:31] [WARNING] [ServiceMonitor] Critical service wuauserv is Stopped
[2025-12-29 12:59:33] [WARNING] [ServiceMonitor] Critical service wuauserv is Stopped
[2025-12-29 12:59:35] [WARNING] [ServiceMonitor] Critical service wuauserv is Stopped
[2025-12-29 12:59:37] [WARNING] [ServiceMonitor] Critical service wuauserv is Stopped
[2025-12-29 12:59:39] [WARNING] [ServiceMonitor] Critical service wuauserv is Stopped
[2025-12-29 12:59:41] [WARNING] [ServiceMonitor] Critical service wuauserv is Stopped
[2025-12-29 12:59:43] [WARNING] [ServiceMonitor] Critical service wuauserv is Stopped
[2025-12-29 12:59:45] [WARNING] [ServiceMonitor] Critical service wuauserv is Stopped
[2025-12-29 12:59:47] [WARNING] [ServiceMonitor] Critical service wuauserv is Stopped
[2025-12-29 12:59:49] [WARNING] [ServiceMonitor] Critical service wuauserv is Stopped
[2025-12-29 12:59:51] [WARNING] [ServiceMonitor] Critical service wuauserv is Stopped
[2025-12-29 12:59:53] [WARNING] [ServiceMonitor] Critical service wuauserv is Stopped
[2025-12-29 12:59:55] [WARNING] [ServiceMonitor] Critical service wuauserv is Stopped
[2025-12-29 12:59:57] [WARNING] [ServiceMonitor] Critical service wuauserv is Stopped
[2025-12-29 12:59:59] [WARNING] [ServiceMonitor] Critical service wuauserv is Stopped
[2025-12-29 13:00:01] [WARNING] [ServiceMonitor] Critical service wuauserv is Stopped
[2025-12-29 13:00:03] [WARNING] [ServiceMonitor] Critical service wuauserv is Stopped
[2025-12-29 13:00:05] [WARNING] [ServiceMonitor] Critical service wuauserv is Stopped
[2025-12-29 13:00:07] [WARNING] [ServiceMonitor] Critical service wuauserv is Stopped
[2025-12-29 13:00:09] [WARNING] [ServiceMonitor] Critical service wuauserv is Stopped
[2025-12-29 13:00:11] [WARNING] [ServiceMonitor] Critical service wuauserv is Stopped
[2025-12-29 13:00:13] [WARNING] [ServiceMonitor] Critical service wuauserv is Stopped
[2025-12-29 13:00:15] [WARNING] [ServiceMonitor] Critical service wuauserv is Stopped
[2025-12-29 13:00:17] [WARNING] [ServiceMonitor] Critical service wuauserv is Stopped
[2025-12-29 13:00:19] [WARNING] [ServiceMonitor] Critical service wuauserv is Stopped
[2025-12-29 13:00:21] [WARNING] [ServiceMonitor] Critical service wuauserv is Stopped
[2025-12-29 13:00:23] [WARNING] [ServiceMonitor] Critical service wuauserv is Stopped
[2025-12-29 13:00:25] [WARNING] [ServiceMonitor] Critical service wuauserv is Stopped
[2025-12-29 13:00:27] [WARNING] [ServiceMonitor] Critical service wuauserv is Stopped
[2025-12-29 13:00:29] [WARNING] [ServiceMonitor] Critical service wuauserv is Stopped
[2025-12-29 13:00:31] [WARNING] [ServiceMonitor] Critical service wuauserv is Stopped
[2025-12-29 13:00:33] [WARNING] [ServiceMonitor] Critical service wuauserv is Stopped
[2025-12-29 13:00:35] [WARNING] [ServiceMonitor] Critical service wuauserv is Stopped
[2025-12-29 13:00:37] [WARNING] [ServiceMonitor] Critical service wuauserv is Stopped
[2025-12-29 13:00:39] [WARNING] [ServiceMonitor] Critical service wuauserv is Stopped
[2025-12-29 13:00:41] [WARNING] [ServiceMonitor] Critical service wuauserv is Stopped
[2025-12-29 13:00:43] [WARNING] [ServiceMonitor] Critical service wuauserv is Stopped
[2025-12-29 13:00:45] [WARNING] [ServiceMonitor] Critical service wuauserv is Stopped
[2025-12-29 13:00:47] [WARNING] [ServiceMonitor] Critical service wuauserv is Stopped
[2025-12-29 13:00:49] [WARNING] [ServiceMonitor] Critical service wuauserv is Stopped
[2025-12-29 13:01:05] [WARNING] [ServiceMonitor] Critical service wuauserv is Stopped
[2025-12-29 13:01:07] [WARNING] [ServiceMonitor] Critical service wuauserv is Stopped
[2025-12-29 13:01:08] [WARNING] [ServiceMonitor] Critical service wuauserv is Stopped
[2025-12-29 13:01:10] [WARNING] [ServiceMonitor] Critical service wuauserv is Stopped
[2025-12-29 13:01:12] [WARNING] [ServiceMonitor] Critical service wuauserv is Stopped
[2025-12-29 13:01:13] [WARNING] [ServiceMonitor] Critical service wuauserv is Stopped
[2025-12-29 13:01:15] [WARNING] [ServiceMonitor] Critical service wuauserv is Stopped
[2025-12-29 13:01:17] [WARNING] [ServiceMonitor] Critical service wuauserv is Stopped
[2025-12-29 13:01:19] [WARNING] [ServiceMonitor] Critical service wuauserv is Stopped
[2025-12-29 13:01:21] [WARNING] [ServiceMonitor] Critical service wuauserv is Stopped
[2025-12-29 13:01:23] [WARNING] [ServiceMonitor] Critical service wuauserv is Stopped
[2025-12-29 13:01:25] [WARNING] [ServiceMonitor] Critical service wuauserv is Stopped
[2025-12-29 13:01:27] [WARNING] [ServiceMonitor] Critical service wuauserv is Stopped
[2025-12-29 13:01:29] [WARNING] [ServiceMonitor] Critical service wuauserv is Stopped
[2025-12-29 13:01:31] [WARNING] [ServiceMonitor] Critical service wuauserv is Stopped
[2025-12-29 13:01:33] [WARNING] [ServiceMonitor] Critical service wuauserv is Stopped
[2025-12-29 13:01:35] [WARNING] [ServiceMonitor] Critical service wuauserv is Stopped
[2025-12-29 13:01:37] [WARNING] [ServiceMonitor] Critical service wuauserv is Stopped
[2025-12-29 13:01:39] [WARNING] [ServiceMonitor] Critical service wuauserv is Stopped
[2025-12-29 13:01:41] [WARNING] [ServiceMonitor] Critical service wuauserv is Stopped
[2025-12-29 13:01:43] [WARNING] [ServiceMonitor] Critical service wuauserv is Stopped
[2025-12-29 13:01:45] [WARNING] [ServiceMonitor] Critical service wuauserv is Stopped
[2025-12-29 13:01:47] [WARNING] [ServiceMonitor] Critical service wuauserv is Stopped
[2025-12-29 13:01:49] [WARNING] [ServiceMonitor] Critical service wuauserv is Stopped
[2025-12-29 13:01:51] [WARNING] [ServiceMonitor] Critical service wuauserv is Stopped
[2025-12-29 13:01:53] [WARNING] [ServiceMonitor] Critical service wuauserv is Stopped
[2025-12-29 13:01:55] [WARNING] [ServiceMonitor] Critical service wuauserv is Stopped
[2025-12-29 13:01:57] [WARNING] [ServiceMonitor] Critical service wuauserv is Stopped
[2025-12-29 13:01:59] [WARNING] [ServiceMonitor] Critical service wuauserv is Stopped
[2025-12-29 13:02:01] [WARNING] [ServiceMonitor] Critical service wuauserv is Stopped
[2025-12-29 13:02:03] [WARNING] [ServiceMonitor] Critical service wuauserv is Stopped
[2025-12-29 13:02:05] [WARNING] [ServiceMonitor] Critical service wuauserv is Stopped
[2025-12-29 13:02:07] [WARNING] [ServiceMonitor] Critical service wuauserv is Stopped
[2025-12-29 13:02:09] [WARNING] [ServiceMonitor] Critical service wuauserv is Stopped
[2025-12-29 13:02:11] [WARNING] [ServiceMonitor] Critical service wuauserv is Stopped
[2025-12-29 13:02:13] [WARNING] [ServiceMonitor] Critical service wuauserv is Stopped
[2025-12-29 13:02:15] [WARNING] [ServiceMonitor] Critical service wuauserv is Stopped
[2025-12-29 13:02:17] [WARNING] [ServiceMonitor] Critical service wuauserv is Stopped
[2025-12-29 13:02:19] [WARNING] [ServiceMonitor] Critical service wuauserv is Stopped
[2025-12-29 13:02:21] [WARNING] [ServiceMonitor] Critical service wuauserv is Stopped
[2025-12-29 13:02:23] [WARNING] [ServiceMonitor] Critical service wuauserv is Stopped
[2025-12-29 13:02:25] [WARNING] [ServiceMonitor] Critical service wuauserv is Stopped
[2025-12-29 13:02:27] [WARNING] [ServiceMonitor] Critical service wuauserv is Stopped
[2025-12-29 13:02:29] [WARNING] [ServiceMonitor] Critical service wuauserv is Stopped
[2025-12-29 13:02:31] [WARNING] [ServiceMonitor] Critical service wuauserv is Stopped
[2025-12-29 13:02:33] [WARNING] [ServiceMonitor] Critical service wuauserv is Stopped
[2025-12-29 13:02:35] [WARNING] [ServiceMonitor] Critical service wuauserv is Stopped
[2025-12-29 13:02:37] [WARNING] [ServiceMonitor] Critical service wuauserv is Stopped
[2025-12-29 13:02:39] [WARNING] [ServiceMonitor] Critical service wuauserv is Stopped
[2025-12-29 13:02:41] [WARNING] [ServiceMonitor] Critical service wuauserv is Stopped
[2025-12-29 13:02:43] [WARNING] [ServiceMonitor] Critical service wuauserv is Stopped
[2025-12-29 13:02:45] [WARNING] [ServiceMonitor] Critical service wuauserv is Stopped
[2025-12-29 13:02:47] [WARNING] [ServiceMonitor] Critical service wuauserv is Stopped
[2025-12-29 13:02:49] [WARNING] [ServiceMonitor] Critical service wuauserv is Stopped
[2025-12-29 13:02:51] [WARNING] [ServiceMonitor] Critical service wuauserv is Stopped
[2025-12-29 13:02:54] [WARNING] [ServiceMonitor] Critical service wuauserv is Stopped
[2025-12-29 13:02:55] [WARNING] [ServiceMonitor] Critical service wuauserv is Stopped
[2025-12-29 13:02:57] [WARNING] [ServiceMonitor] Critical service wuauserv is Stopped
[2025-12-29 13:02:59] [WARNING] [ServiceMonitor] Critical service wuauserv is Stopped
[2025-12-29 13:03:01] [WARNING] [ServiceMonitor] Critical service wuauserv is Stopped
[2025-12-29 13:03:03] [WARNING] [ServiceMonitor] Critical service wuauserv is Stopped
[2025-12-29 13:03:05] [WARNING] [ServiceMonitor] Critical service wuauserv is Stopped
[2025-12-29 13:03:08] [WARNING] [ServiceMonitor] Critical service wuauserv is Stopped
[2025-12-29 13:03:10] [WARNING] [ServiceMonitor] Critical service wuauserv is Stopped
[2025-12-29 13:03:12] [WARNING] [ServiceMonitor] Critical service wuauserv is Stopped
[2025-12-29 13:03:14] [WARNING] [ServiceMonitor] Critical service wuauserv is Stopped
[2025-12-29 13:03:16] [WARNING] [ServiceMonitor] Critical service wuauserv is Stopped
[2025-12-29 13:03:18] [WARNING] [ServiceMonitor] Critical service wuauserv is Stopped
[2025-12-29 13:03:20] [WARNING] [ServiceMonitor] Critical service wuauserv is Stopped
[2025-12-29 13:03:22] [WARNING] [ServiceMonitor] Critical service wuauserv is Stopped
[2025-12-29 13:03:24] [WARNING] [ServiceMonitor] Critical service wuauserv is Stopped
[2025-12-29 13:03:26] [WARNING] [ServiceMonitor] Critical service wuauserv is Stopped
[2025-12-29 13:03:28] [WARNING] [ServiceMonitor] Critical service wuauserv is Stopped
[2025-12-29 13:03:30] [WARNING] [ServiceMonitor] Critical service wuauserv is Stopped
